RAM Allocation [bytes]
Variable                                                                          Address   Size
------------------------------------------------------------------------------------------------
month                                                                             0x0260       1
year                                                                              0x0261       2
_base_y                                                                           0x0263       4
_lcd_x                                                                            0x0267       1
_lcd_y                                                                            0x0268       1
_lcd_maxx                                                                         0x0269       1

EEPROM Allocation [bytes]
Variable                                                                          Address   Size
------------------------------------------------------------------------------------------------
enter_array                                                                       0x0000      62
exit_array                                                                        0x003E      62
i                                                                                 0x007C       1

Register Allocation
Variable                                                                          Register  Size
------------------------------------------------------------------------------------------------
n_vurud                                                                           R4,R5        2
n_khuruj                                                                          R6,R7        2
capacity                                                                          R9           1
reserved                                                                          R8           1
is_full                                                                           R2.0      1bit
is_emp                                                                            R2.1      1bit
minute                                                                            R11          1
hour                                                                              R10          1
second                                                                            R13          1
day                                                                               R12          1

FLASH Allocation [words]
Function                                                                          Address   Size
------------------------------------------------------------------------------------------------
timer2_ovf_isr                                                                    0x000EC     58
ext_int0_isr                                                                      0x00126     25
ext_int1_isr                                                                      0x0013F     31
main                                                                              0x0015E    165
ok                                                                                0x00203     87
time_set                                                                          0x0025A     97
in_out_search                                                                     0x002BB    199
reserve_park                                                                      0x00382     48
set_data                                                                          0x003B2    172
put_buff_G100                                                                     0x0045E     64
_print_G100                                                                       0x0049E    308
sprintf                                                                           0x005D2     52
_lcd_write_nibble_G101                                                            0x00606     37
_lcd_write_data                                                                   0x0062B     12
lcd_gotoxy                                                                        0x00637     17
lcd_clear                                                                         0x00648     14
lcd_putchar                                                                       0x00656     32
lcd_puts                                                                          0x00676     15
lcd_putsf                                                                         0x00685     19
lcd_init                                                                          0x00698     48
strlen                                                                            0x006C8     12
strlenf                                                                           0x006D4     13
